game  1: W 1/2-1/2 (us: draw)  [0+1=0-]
game  2: B 0-1     (us: win)  [1+1=0-]
game  3: W 1/2-1/2 (us: draw)  [1+2=0-]
game  4: B 1/2-1/2 (us: draw)  [1+3=0-]
game  5: W 0-1     (us: loss)  [1+3=1-]
game  6: B 1/2-1/2 (us: draw)  [1+4=1-]
game  7: W 1/2-1/2 (us: draw)  [1+5=1-]
game  8: B 1/2-1/2 (us: draw)  [1+6=1-]
game  9: W 1/2-1/2 (us: draw)  [1+7=1-]
game 10: B 1/2-1/2 (us: draw)  [1+8=1-]
game 11: W 1/2-1/2 (us: draw)  [1+9=1-]
game 12: B 1-0     (us: loss)  [1+9=2-]
game 13: W 1-0     (us: win)  [2+9=2-]
game 14: B 1/2-1/2 (us: draw)  [2+10=2-]
game 15: W 0-1     (us: loss)  [2+10=3-]
game 16: B 1/2-1/2 (us: draw)  [2+11=3-]
game 17: W 1/2-1/2 (us: draw)  [2+12=3-]
game 18: B 1/2-1/2 (us: draw)  [2+13=3-]
game 19: W 1-0     (us: win)  [3+13=3-]
game 20: B 1-0     (us: loss)  [3+13=4-]
game 21: W 0-1     (us: loss)  [3+13=5-]
game 22: B 1/2-1/2 (us: draw)  [3+14=5-]
game 23: W 1/2-1/2 (us: draw)  [3+15=5-]
game 24: B 1/2-1/2 (us: draw)  [3+16=5-]
game 25: W 1/2-1/2 (us: draw)  [3+17=5-]
game 26: B 1-0     (us: loss)  [3+17=6-]
game 27: W 1/2-1/2 (us: draw)  [3+18=6-]
game 28: B 1/2-1/2 (us: draw)  [3+19=6-]
game 29: W 1/2-1/2 (us: draw)  [3+20=6-]
game 30: B 1/2-1/2 (us: draw)  [3+21=6-]
game 31: W 1/2-1/2 (us: draw)  [3+22=6-]
game 32: B 0-1     (us: win)  [4+22=6-]
game 33: W 1/2-1/2 (us: draw)  [4+23=6-]
game 34: B 1-0     (us: loss)  [4+23=7-]
game 35: W 0-1     (us: loss)  [4+23=8-]
game 36: B 1/2-1/2 (us: draw)  [4+24=8-]
game 37: W 1/2-1/2 (us: draw)  [4+25=8-]
game 38: B 1/2-1/2 (us: draw)  [4+26=8-]
game 39: W 1/2-1/2 (us: draw)  [4+27=8-]
game 40: B 1/2-1/2 (us: draw)  [4+28=8-]
game 41: W 1/2-1/2 (us: draw)  [4+29=8-]
game 42: B 1/2-1/2 (us: draw)  [4+30=8-]
game 43: W 1/2-1/2 (us: draw)  [4+31=8-]
game 44: B 1/2-1/2 (us: draw)  [4+32=8-]
game 45: W 1-0     (us: win)  [5+32=8-]
game 46: B 1/2-1/2 (us: draw)  [5+33=8-]
game 47: W 1/2-1/2 (us: draw)  [5+34=8-]
game 48: B 1-0     (us: loss)  [5+34=9-]
game 49: W 1/2-1/2 (us: draw)  [5+35=9-]
game 50: B 1/2-1/2 (us: draw)  [5+36=9-]
game 51: W 1/2-1/2 (us: draw)  [5+37=9-]
game 52: B 1/2-1/2 (us: draw)  [5+38=9-]
game 53: W 1/2-1/2 (us: draw)  [5+39=9-]
game 54: B 1-0     (us: loss)  [5+39=10-]
game 55: W 1-0     (us: win)  [6+39=10-]
game 56: B 1/2-1/2 (us: draw)  [6+40=10-]
game 57: W 1/2-1/2 (us: draw)  [6+41=10-]
game 58: B 1/2-1/2 (us: draw)  [6+42=10-]
game 59: W 0-1     (us: loss)  [6+42=11-]
game 60: B 1/2-1/2 (us: draw)  [6+43=11-]
SPRT stop after 60 games: H0 (not better)

result vs cmd:.venv/bin/python -m engine.uci: +6 =43 -11  (46%)
elo diff: -29  (95% ~ -121..+59)
