game  1: W 1/2-1/2 (us: draw)  [0+1=0-]
game  2: B 0-1     (us: win)  [1+1=0-]
game  3: W 0-1     (us: loss)  [1+1=1-]
game  4: B 0-1     (us: win)  [2+1=1-]
game  5: W 1-0     (us: win)  [3+1=1-]
game  6: B 1/2-1/2 (us: draw)  [3+2=1-]
game  7: W 1/2-1/2 (us: draw)  [3+3=1-]
game  8: B 1/2-1/2 (us: draw)  [3+4=1-]
game  9: W 1/2-1/2 (us: draw)  [3+5=1-]
game 10: B 1-0     (us: loss)  [3+5=2-]
game 11: W 1/2-1/2 (us: draw)  [3+6=2-]
game 12: B 1/2-1/2 (us: draw)  [3+7=2-]
game 13: W 1-0     (us: win)  [4+7=2-]
game 14: B 1-0     (us: loss)  [4+7=3-]
game 15: W 0-1     (us: loss)  [4+7=4-]
game 16: B 1-0     (us: loss)  [4+7=5-]
game 17: W 1-0     (us: win)  [5+7=5-]
game 18: B 0-1     (us: win)  [6+7=5-]
game 19: W 1/2-1/2 (us: draw)  [6+8=5-]
game 20: B 0-1     (us: win)  [7+8=5-]
game 21: W 1/2-1/2 (us: draw)  [7+9=5-]
game 22: B 1-0     (us: loss)  [7+9=6-]
game 23: W 1/2-1/2 (us: draw)  [7+10=6-]
game 24: B 1/2-1/2 (us: draw)  [7+11=6-]
game 25: W 1/2-1/2 (us: draw)  [7+12=6-]
game 26: B 1-0     (us: loss)  [7+12=7-]
game 27: W 1-0     (us: win)  [8+12=7-]
game 28: B 1-0     (us: loss)  [8+12=8-]
game 29: W 1/2-1/2 (us: draw)  [8+13=8-]
game 30: B 0-1     (us: win)  [9+13=8-]
game 31: W 1/2-1/2 (us: draw)  [9+14=8-]
game 32: B 0-1     (us: win)  [10+14=8-]
game 33: W 1-0     (us: win)  [11+14=8-]
game 34: B 1-0     (us: loss)  [11+14=9-]
game 35: W 1/2-1/2 (us: draw)  [11+15=9-]
game 36: B 1/2-1/2 (us: draw)  [11+16=9-]
game 37: W 0-1     (us: loss)  [11+16=10-]
game 38: B 0-1     (us: win)  [12+16=10-]
game 39: W 0-1     (us: loss)  [12+16=11-]
game 40: B 1/2-1/2 (us: draw)  [12+17=11-]
game 41: W 1/2-1/2 (us: draw)  [12+18=11-]
game 42: B 1-0     (us: loss)  [12+18=12-]
game 43: W 1-0     (us: win)  [13+18=12-]
game 44: B 0-1     (us: win)  [14+18=12-]
game 45: W 1-0     (us: win)  [15+18=12-]
game 46: B 1-0     (us: loss)  [15+18=13-]
game 47: W 1/2-1/2 (us: draw)  [15+19=13-]
game 48: B 1-0     (us: loss)  [15+19=14-]
game 49: W 1/2-1/2 (us: draw)  [15+20=14-]
game 50: B 1-0     (us: loss)  [15+20=15-]
game 51: W 1/2-1/2 (us: draw)  [15+21=15-]
game 52: B 1/2-1/2 (us: draw)  [15+22=15-]
game 53: W 1-0     (us: win)  [16+22=15-]
game 54: B 1-0     (us: loss)  [16+22=16-]
game 55: W 1/2-1/2 (us: draw)  [16+23=16-]
game 56: B 1-0     (us: loss)  [16+23=17-]
game 57: W 1-0     (us: win)  [17+23=17-]
game 58: B 1-0     (us: loss)  [17+23=18-]
game 59: W 1/2-1/2 (us: draw)  [17+24=18-]
game 60: B 1-0     (us: loss)  [17+24=19-]

result vs cmd:.venv/bin/python -m engine.uci: +17 =24 -19  (48%)
elo diff: -12  (95% ~ -102..+78)
