game  1: W 1/2-1/2 (us: draw)  [0+1=0-]
game  2: B 1/2-1/2 (us: draw)  [0+2=0-]
game  3: W 1/2-1/2 (us: draw)  [0+3=0-]
game  4: B 1/2-1/2 (us: draw)  [0+4=0-]
game  5: W 1-0     (us: win)  [1+4=0-]
game  6: B 1/2-1/2 (us: draw)  [1+5=0-]
game  7: W 1-0     (us: win)  [2+5=0-]
game  8: B 0-1     (us: win)  [3+5=0-]
game  9: W 0-1     (us: loss)  [3+5=1-]
game 10: B 0-1     (us: win)  [4+5=1-]
game 11: W 0-1     (us: loss)  [4+5=2-]
game 12: B 0-1     (us: win)  [5+5=2-]
game 13: W 1/2-1/2 (us: draw)  [5+6=2-]
game 14: B 1-0     (us: loss)  [5+6=3-]
game 15: W 1-0     (us: win)  [6+6=3-]
game 16: B 1/2-1/2 (us: draw)  [6+7=3-]
game 17: W 1-0     (us: win)  [7+7=3-]
game 18: B 1-0     (us: loss)  [7+7=4-]
game 19: W 1-0     (us: win)  [8+7=4-]
game 20: B 1-0     (us: loss)  [8+7=5-]
game 21: W 1-0     (us: win)  [9+7=5-]
game 22: B 1-0     (us: loss)  [9+7=6-]
game 23: W 0-1     (us: loss)  [9+7=7-]
game 24: B 1/2-1/2 (us: draw)  [9+8=7-]
game 25: W 1/2-1/2 (us: draw)  [9+9=7-]
game 26: B 1/2-1/2 (us: draw)  [9+10=7-]
game 27: W 1/2-1/2 (us: draw)  [9+11=7-]
game 28: B 0-1     (us: win)  [10+11=7-]
game 29: W 1/2-1/2 (us: draw)  [10+12=7-]
game 30: B 1-0     (us: loss)  [10+12=8-]
game 31: W 0-1     (us: loss)  [10+12=9-]
game 32: B 1/2-1/2 (us: draw)  [10+13=9-]
game 33: W 1/2-1/2 (us: draw)  [10+14=9-]
game 34: B 0-1     (us: win)  [11+14=9-]
game 35: W 1/2-1/2 (us: draw)  [11+15=9-]
game 36: B 0-1     (us: win)  [12+15=9-]
game 37: W 1/2-1/2 (us: draw)  [12+16=9-]
game 38: B 1-0     (us: loss)  [12+16=10-]
game 39: W 1/2-1/2 (us: draw)  [12+17=10-]
game 40: B 1/2-1/2 (us: draw)  [12+18=10-]
game 41: W 0-1     (us: loss)  [12+18=11-]
game 42: B 0-1     (us: win)  [13+18=11-]
game 43: W 1/2-1/2 (us: draw)  [13+19=11-]
game 44: B 1-0     (us: loss)  [13+19=12-]
game 45: W 1/2-1/2 (us: draw)  [13+20=12-]
game 46: B 1/2-1/2 (us: draw)  [13+21=12-]
game 47: W 1/2-1/2 (us: draw)  [13+22=12-]
game 48: B 1-0     (us: loss)  [13+22=13-]
game 49: W 1-0     (us: win)  [14+22=13-]
game 50: B 1/2-1/2 (us: draw)  [14+23=13-]
game 51: W 0-1     (us: loss)  [14+23=14-]
game 52: B 1/2-1/2 (us: draw)  [14+24=14-]
game 53: W 1/2-1/2 (us: draw)  [14+25=14-]
game 54: B 0-1     (us: win)  [15+25=14-]
game 55: W 1-0     (us: win)  [16+25=14-]
game 56: B 1-0     (us: loss)  [16+25=15-]
game 57: W 1-0     (us: win)  [17+25=15-]
game 58: B 1-0     (us: loss)  [17+25=16-]
game 59: W 1/2-1/2 (us: draw)  [17+26=16-]
game 60: B 0-1     (us: win)  [18+26=16-]

result vs cmd:.venv/bin/python -m engine.uci: +18 =26 -16  (52%)
elo diff: +12  (95% ~ -78..+102)
