game  1: W 1/2-1/2 (us: draw)  [0+1=0-]
game  2: B 1/2-1/2 (us: draw)  [0+2=0-]
game  3: W 1/2-1/2 (us: draw)  [0+3=0-]
game  4: B 1/2-1/2 (us: draw)  [0+4=0-]
game  5: W 1/2-1/2 (us: draw)  [0+5=0-]
game  6: B 0-1     (us: win)  [1+5=0-]
game  7: W 1-0     (us: win)  [2+5=0-]
game  8: B 1-0     (us: loss)  [2+5=1-]
game  9: W 1/2-1/2 (us: draw)  [2+6=1-]
game 10: B 1/2-1/2 (us: draw)  [2+7=1-]
game 11: W 1/2-1/2 (us: draw)  [2+8=1-]
game 12: B 1/2-1/2 (us: draw)  [2+9=1-]
game 13: W 1/2-1/2 (us: draw)  [2+10=1-]
game 14: B 1/2-1/2 (us: draw)  [2+11=1-]
game 15: W 1/2-1/2 (us: draw)  [2+12=1-]
game 16: B 0-1     (us: win)  [3+12=1-]
game 17: W 1/2-1/2 (us: draw)  [3+13=1-]
game 18: B 0-1     (us: win)  [4+13=1-]
game 19: W 1-0     (us: win)  [5+13=1-]
game 20: B 1-0     (us: loss)  [5+13=2-]
game 21: W 1/2-1/2 (us: draw)  [5+14=2-]
game 22: B 1/2-1/2 (us: draw)  [5+15=2-]
game 23: W 0-1     (us: loss)  [5+15=3-]
game 24: B 1/2-1/2 (us: draw)  [5+16=3-]
game 25: W 1/2-1/2 (us: draw)  [5+17=3-]
game 26: B 1/2-1/2 (us: draw)  [5+18=3-]
game 27: W 1-0     (us: win)  [6+18=3-]
game 28: B 1/2-1/2 (us: draw)  [6+19=3-]
game 29: W 1/2-1/2 (us: draw)  [6+20=3-]
game 30: B 1/2-1/2 (us: draw)  [6+21=3-]
game 31: W 1-0     (us: win)  [7+21=3-]
game 32: B 1/2-1/2 (us: draw)  [7+22=3-]
game 33: W 1/2-1/2 (us: draw)  [7+23=3-]
game 34: B 1/2-1/2 (us: draw)  [7+24=3-]
game 35: W 0-1     (us: loss)  [7+24=4-]
game 36: B 1/2-1/2 (us: draw)  [7+25=4-]
game 37: W 1/2-1/2 (us: draw)  [7+26=4-]
game 38: B 0-1     (us: win)  [8+26=4-]
game 39: W 1/2-1/2 (us: draw)  [8+27=4-]
game 40: B 1-0     (us: loss)  [8+27=5-]
game 41: W 1-0     (us: win)  [9+27=5-]
game 42: B 1/2-1/2 (us: draw)  [9+28=5-]
game 43: W 1/2-1/2 (us: draw)  [9+29=5-]
game 44: B 0-1     (us: win)  [10+29=5-]
game 45: W 1/2-1/2 (us: draw)  [10+30=5-]
game 46: B 1/2-1/2 (us: draw)  [10+31=5-]
game 47: W 1-0     (us: win)  [11+31=5-]
game 48: B 1/2-1/2 (us: draw)  [11+32=5-]
game 49: W 1/2-1/2 (us: draw)  [11+33=5-]
game 50: B 1/2-1/2 (us: draw)  [11+34=5-]
game 51: W 1-0     (us: win)  [12+34=5-]
game 52: B 0-1     (us: win)  [13+34=5-]
game 53: W 1-0     (us: win)  [14+34=5-]
game 54: B 1/2-1/2 (us: draw)  [14+35=5-]
game 55: W 1/2-1/2 (us: draw)  [14+36=5-]
game 56: B 1/2-1/2 (us: draw)  [14+37=5-]
game 57: W 1/2-1/2 (us: draw)  [14+38=5-]
game 58: B 0-1     (us: win)  [15+38=5-]
game 59: W 1/2-1/2 (us: draw)  [15+39=5-]
game 60: B 1-0     (us: loss)  [15+39=6-]

result vs cmd:.venv/bin/python -m engine.uci: +15 =39 -6  (58%)
elo diff: +53  (95% ~ -35..+147)
