game  1: W 1/2-1/2 (us: draw)  [0+1=0-]
game  2: B 0-1     (us: win)  [1+1=0-]
game  3: W 1-0     (us: win)  [2+1=0-]
game  4: B 1-0     (us: loss)  [2+1=1-]
game  5: W 1-0     (us: win)  [3+1=1-]
game  6: B 1/2-1/2 (us: draw)  [3+2=1-]
game  7: W 1/2-1/2 (us: draw)  [3+3=1-]
game  8: B 1/2-1/2 (us: draw)  [3+4=1-]
game  9: W 1/2-1/2 (us: draw)  [3+5=1-]
game 10: B 1/2-1/2 (us: draw)  [3+6=1-]
game 11: W 1/2-1/2 (us: draw)  [3+7=1-]
game 12: B 1/2-1/2 (us: draw)  [3+8=1-]
game 13: W 1/2-1/2 (us: draw)  [3+9=1-]
game 14: B 1/2-1/2 (us: draw)  [3+10=1-]
game 15: W 1/2-1/2 (us: draw)  [3+11=1-]
game 16: B 1/2-1/2 (us: draw)  [3+12=1-]
game 17: W 1/2-1/2 (us: draw)  [3+13=1-]
game 18: B 1/2-1/2 (us: draw)  [3+14=1-]
game 19: W 1-0     (us: win)  [4+14=1-]
game 20: B 1/2-1/2 (us: draw)  [4+15=1-]
game 21: W 1/2-1/2 (us: draw)  [4+16=1-]
game 22: B 1/2-1/2 (us: draw)  [4+17=1-]
game 23: W 1-0     (us: win)  [5+17=1-]
game 24: B 1/2-1/2 (us: draw)  [5+18=1-]
game 25: W 1/2-1/2 (us: draw)  [5+19=1-]
game 26: B 1/2-1/2 (us: draw)  [5+20=1-]
game 27: W 1/2-1/2 (us: draw)  [5+21=1-]
game 28: B 1/2-1/2 (us: draw)  [5+22=1-]
game 29: W 1/2-1/2 (us: draw)  [5+23=1-]
game 30: B 1-0     (us: loss)  [5+23=2-]
game 31: W 0-1     (us: loss)  [5+23=3-]
game 32: B 0-1     (us: win)  [6+23=3-]
game 33: W 1/2-1/2 (us: draw)  [6+24=3-]
game 34: B 1/2-1/2 (us: draw)  [6+25=3-]
game 35: W 1/2-1/2 (us: draw)  [6+26=3-]
game 36: B 0-1     (us: win)  [7+26=3-]
game 37: W 1/2-1/2 (us: draw)  [7+27=3-]
game 38: B 1/2-1/2 (us: draw)  [7+28=3-]
game 39: W 1/2-1/2 (us: draw)  [7+29=3-]
game 40: B 1/2-1/2 (us: draw)  [7+30=3-]
game 41: W 1/2-1/2 (us: draw)  [7+31=3-]
game 42: B 1/2-1/2 (us: draw)  [7+32=3-]
game 43: W 0-1     (us: loss)  [7+32=4-]
game 44: B 1/2-1/2 (us: draw)  [7+33=4-]
game 45: W 1/2-1/2 (us: draw)  [7+34=4-]
game 46: B 1/2-1/2 (us: draw)  [7+35=4-]
game 47: W 0-1     (us: loss)  [7+35=5-]
game 48: B 1/2-1/2 (us: draw)  [7+36=5-]
game 49: W 1/2-1/2 (us: draw)  [7+37=5-]
game 50: B 0-1     (us: win)  [8+37=5-]
game 51: W 1/2-1/2 (us: draw)  [8+38=5-]
game 52: B 1/2-1/2 (us: draw)  [8+39=5-]
game 53: W 1/2-1/2 (us: draw)  [8+40=5-]
game 54: B 0-1     (us: win)  [9+40=5-]
game 55: W 1-0     (us: win)  [10+40=5-]
game 56: B 1/2-1/2 (us: draw)  [10+41=5-]
game 57: W 1/2-1/2 (us: draw)  [10+42=5-]
game 58: B 0-1     (us: win)  [11+42=5-]
game 59: W 1/2-1/2 (us: draw)  [11+43=5-]
game 60: B 1/2-1/2 (us: draw)  [11+44=5-]

result vs cmd:.venv/bin/python -m engine.uci: +11 =44 -5  (55%)
elo diff: +35  (95% ~ -53..+128)
