game  1: W 1-0     (us: win)  [1+0=0-]
game  2: B 0-1     (us: win)  [2+0=0-]
game  3: W 0-1     (us: loss)  [2+0=1-]
game  4: B 1-0     (us: loss)  [2+0=2-]
game  5: W 1/2-1/2 (us: draw)  [2+1=2-]
game  6: B 1/2-1/2 (us: draw)  [2+2=2-]
game  7: W 1-0     (us: win)  [3+2=2-]
game  8: B 1/2-1/2 (us: draw)  [3+3=2-]
game  9: W 1/2-1/2 (us: draw)  [3+4=2-]
game 10: B 1/2-1/2 (us: draw)  [3+5=2-]
game 11: W 1/2-1/2 (us: draw)  [3+6=2-]
game 12: B 0-1     (us: win)  [4+6=2-]
game 13: W 0-1     (us: loss)  [4+6=3-]
game 14: B 0-1     (us: win)  [5+6=3-]
game 15: W 1-0     (us: win)  [6+6=3-]
game 16: B 1/2-1/2 (us: draw)  [6+7=3-]
game 17: W 1-0     (us: win)  [7+7=3-]
game 18: B 1/2-1/2 (us: draw)  [7+8=3-]
game 19: W 1/2-1/2 (us: draw)  [7+9=3-]
game 20: B 1/2-1/2 (us: draw)  [7+10=3-]
game 21: W 1-0     (us: win)  [8+10=3-]
game 22: B 1/2-1/2 (us: draw)  [8+11=3-]
game 23: W 1-0     (us: win)  [9+11=3-]
game 24: B 1/2-1/2 (us: draw)  [9+12=3-]
game 25: W 1/2-1/2 (us: draw)  [9+13=3-]
game 26: B 0-1     (us: win)  [10+13=3-]
game 27: W 1/2-1/2 (us: draw)  [10+14=3-]
game 28: B 1-0     (us: loss)  [10+14=4-]
game 29: W 1/2-1/2 (us: draw)  [10+15=4-]
game 30: B 1/2-1/2 (us: draw)  [10+16=4-]
game 31: W 1/2-1/2 (us: draw)  [10+17=4-]
game 32: B 1/2-1/2 (us: draw)  [10+18=4-]
game 33: W 1/2-1/2 (us: draw)  [10+19=4-]
game 34: B 0-1     (us: win)  [11+19=4-]
game 35: W 1/2-1/2 (us: draw)  [11+20=4-]
game 36: B 0-1     (us: win)  [12+20=4-]
game 37: W 0-1     (us: loss)  [12+20=5-]
game 38: B 1-0     (us: loss)  [12+20=6-]
game 39: W 1/2-1/2 (us: draw)  [12+21=6-]
game 40: B 1/2-1/2 (us: draw)  [12+22=6-]
game 41: W 1-0     (us: win)  [13+22=6-]
game 42: B 1/2-1/2 (us: draw)  [13+23=6-]
game 43: W 0-1     (us: loss)  [13+23=7-]
game 44: B 1/2-1/2 (us: draw)  [13+24=7-]
game 45: W 1/2-1/2 (us: draw)  [13+25=7-]
game 46: B 1/2-1/2 (us: draw)  [13+26=7-]
game 47: W 1/2-1/2 (us: draw)  [13+27=7-]
game 48: B 1/2-1/2 (us: draw)  [13+28=7-]
game 49: W 1-0     (us: win)  [14+28=7-]
game 50: B 1/2-1/2 (us: draw)  [14+29=7-]
game 51: W 1/2-1/2 (us: draw)  [14+30=7-]
game 52: B 1/2-1/2 (us: draw)  [14+31=7-]
game 53: W 1/2-1/2 (us: draw)  [14+32=7-]
game 54: B 0-1     (us: win)  [15+32=7-]
game 55: W 1-0     (us: win)  [16+32=7-]
game 56: B 1-0     (us: loss)  [16+32=8-]
game 57: W 1/2-1/2 (us: draw)  [16+33=8-]
game 58: B 1/2-1/2 (us: draw)  [16+34=8-]
game 59: W 1/2-1/2 (us: draw)  [16+35=8-]
game 60: B 1/2-1/2 (us: draw)  [16+36=8-]

result vs cmd:.venv/bin/python -m engine.uci: +16 =36 -8  (57%)
elo diff: +47  (95% ~ -41..+141)
