game  1: W 1/2-1/2 (us: draw)  [0+1=0-]
game  2: B 0-1     (us: win)  [1+1=0-]
game  3: W 1-0     (us: win)  [2+1=0-]
game  4: B 1-0     (us: loss)  [2+1=1-]
game  5: W 1/2-1/2 (us: draw)  [2+2=1-]
game  6: B 1-0     (us: loss)  [2+2=2-]
game  7: W 0-1     (us: loss)  [2+2=3-]
game  8: B 1-0     (us: loss)  [2+2=4-]
game  9: W 0-1     (us: loss)  [2+2=5-]
game 10: B 1-0     (us: loss)  [2+2=6-]
game 11: W 1/2-1/2 (us: draw)  [2+3=6-]
game 12: B 0-1     (us: win)  [3+3=6-]
game 13: W 0-1     (us: loss)  [3+3=7-]
game 14: B 1/2-1/2 (us: draw)  [3+4=7-]
game 15: W 1/2-1/2 (us: draw)  [3+5=7-]
game 16: B 1/2-1/2 (us: draw)  [3+6=7-]
game 17: W 1-0     (us: win)  [4+6=7-]
game 18: B 1/2-1/2 (us: draw)  [4+7=7-]
game 19: W 1/2-1/2 (us: draw)  [4+8=7-]
game 20: B 1-0     (us: loss)  [4+8=8-]
game 21: W 1-0     (us: win)  [5+8=8-]
game 22: B 1-0     (us: loss)  [5+8=9-]
game 23: W 0-1     (us: loss)  [5+8=10-]
game 24: B 0-1     (us: win)  [6+8=10-]
game 25: W 0-1     (us: loss)  [6+8=11-]
game 26: B 1-0     (us: loss)  [6+8=12-]
game 27: W 1/2-1/2 (us: draw)  [6+9=12-]
game 28: B 0-1     (us: win)  [7+9=12-]
game 29: W 1/2-1/2 (us: draw)  [7+10=12-]
game 30: B 1/2-1/2 (us: draw)  [7+11=12-]
game 31: W 1/2-1/2 (us: draw)  [7+12=12-]
game 32: B 0-1     (us: win)  [8+12=12-]
game 33: W 0-1     (us: loss)  [8+12=13-]
game 34: B 1/2-1/2 (us: draw)  [8+13=13-]
game 35: W 1/2-1/2 (us: draw)  [8+14=13-]
game 36: B 1/2-1/2 (us: draw)  [8+15=13-]
game 37: W 1-0     (us: win)  [9+15=13-]
game 38: B 1/2-1/2 (us: draw)  [9+16=13-]
game 39: W 0-1     (us: loss)  [9+16=14-]
game 40: B 0-1     (us: win)  [10+16=14-]
game 41: W 1/2-1/2 (us: draw)  [10+17=14-]
game 42: B 1/2-1/2 (us: draw)  [10+18=14-]
game 43: W 0-1     (us: loss)  [10+18=15-]
game 44: B 1/2-1/2 (us: draw)  [10+19=15-]
game 45: W 1/2-1/2 (us: draw)  [10+20=15-]
game 46: B 1-0     (us: loss)  [10+20=16-]
game 47: W 1/2-1/2 (us: draw)  [10+21=16-]
game 48: B 1-0     (us: loss)  [10+21=17-]
game 49: W 0-1     (us: loss)  [10+21=18-]
game 50: B 1-0     (us: loss)  [10+21=19-]
game 51: W 0-1     (us: loss)  [10+21=20-]
game 52: B 0-1     (us: win)  [11+21=20-]
game 53: W 0-1     (us: loss)  [11+21=21-]
game 54: B 0-1     (us: win)  [12+21=21-]
game 55: W 1-0     (us: win)  [13+21=21-]
game 56: B 1-0     (us: loss)  [13+21=22-]
game 57: W 1-0     (us: win)  [14+21=22-]
game 58: B 0-1     (us: win)  [15+21=22-]
game 59: W 1-0     (us: win)  [16+21=22-]
game 60: B 1/2-1/2 (us: draw)  [16+22=22-]

result vs cmd:.venv/bin/python -m engine.uci: +16 =22 -22  (45%)
elo diff: -35  (95% ~ -128..+53)
