game  1: W 1-0     (us: win)  [1+0=0-]
game  2: B 1/2-1/2 (us: draw)  [1+1=0-]
game  3: W 1/2-1/2 (us: draw)  [1+2=0-]
game  4: B 1-0     (us: loss)  [1+2=1-]
game  5: W 1/2-1/2 (us: draw)  [1+3=1-]
game  6: B 0-1     (us: win)  [2+3=1-]
game  7: W 1-0     (us: win)  [3+3=1-]
game  8: B 0-1     (us: win)  [4+3=1-]
game  9: W 0-1     (us: loss)  [4+3=2-]
game 10: B 1-0     (us: loss)  [4+3=3-]
game 11: W 1/2-1/2 (us: draw)  [4+4=3-]
game 12: B 1/2-1/2 (us: draw)  [4+5=3-]
game 13: W 1-0     (us: win)  [5+5=3-]
game 14: B 0-1     (us: win)  [6+5=3-]
game 15: W 1/2-1/2 (us: draw)  [6+6=3-]
game 16: B 1/2-1/2 (us: draw)  [6+7=3-]
game 17: W 1-0     (us: win)  [7+7=3-]
game 18: B 0-1     (us: win)  [8+7=3-]
game 19: W 0-1     (us: loss)  [8+7=4-]
game 20: B 0-1     (us: win)  [9+7=4-]
game 21: W 1-0     (us: win)  [10+7=4-]
game 22: B 0-1     (us: win)  [11+7=4-]
game 23: W 1/2-1/2 (us: draw)  [11+8=4-]
game 24: B 0-1     (us: win)  [12+8=4-]
game 25: W 1/2-1/2 (us: draw)  [12+9=4-]
game 26: B 1/2-1/2 (us: draw)  [12+10=4-]
game 27: W 1/2-1/2 (us: draw)  [12+11=4-]
game 28: B 1/2-1/2 (us: draw)  [12+12=4-]
game 29: W 1-0     (us: win)  [13+12=4-]
game 30: B 1/2-1/2 (us: draw)  [13+13=4-]
game 31: W 1-0     (us: win)  [14+13=4-]
game 32: B 0-1     (us: win)  [15+13=4-]
game 33: W 1/2-1/2 (us: draw)  [15+14=4-]
game 34: B 0-1     (us: win)  [16+14=4-]
game 35: W 1/2-1/2 (us: draw)  [16+15=4-]
game 36: B 1/2-1/2 (us: draw)  [16+16=4-]
game 37: W 1-0     (us: win)  [17+16=4-]
game 38: B 0-1     (us: win)  [18+16=4-]
game 39: W 1-0     (us: win)  [19+16=4-]
game 40: B 1/2-1/2 (us: draw)  [19+17=4-]
game 41: W 1-0     (us: win)  [20+17=4-]
game 42: B 0-1     (us: win)  [21+17=4-]
game 43: W 1/2-1/2 (us: draw)  [21+18=4-]
game 44: B 1/2-1/2 (us: draw)  [21+19=4-]
game 45: W 1-0     (us: win)  [22+19=4-]
game 46: B 0-1     (us: win)  [23+19=4-]
game 47: W 1-0     (us: win)  [24+19=4-]
SPRT stop after 47 games: H1 (better)

result vs cmd:.venv/bin/python -m engine.uci: +24 =19 -4  (71%)
elo diff: +158  (95% ~ +59..+291)
