game  1: W 1/2-1/2 (us: draw)  [0+1=0-]
game  2: B 1/2-1/2 (us: draw)  [0+2=0-]
game  3: W 1/2-1/2 (us: draw)  [0+3=0-]
game  4: B 1/2-1/2 (us: draw)  [0+4=0-]
game  5: W 1-0     (us: win)  [1+4=0-]
game  6: B 1/2-1/2 (us: draw)  [1+5=0-]
game  7: W 1/2-1/2 (us: draw)  [1+6=0-]
game  8: B 1/2-1/2 (us: draw)  [1+7=0-]
game  9: W 1/2-1/2 (us: draw)  [1+8=0-]
game 10: B 1/2-1/2 (us: draw)  [1+9=0-]
game 11: W 1-0     (us: win)  [2+9=0-]
game 12: B 1/2-1/2 (us: draw)  [2+10=0-]
game 13: W 1/2-1/2 (us: draw)  [2+11=0-]
game 14: B 1/2-1/2 (us: draw)  [2+12=0-]
game 15: W 1/2-1/2 (us: draw)  [2+13=0-]
game 16: B 1/2-1/2 (us: draw)  [2+14=0-]
game 17: W 1-0     (us: win)  [3+14=0-]
game 18: B 1/2-1/2 (us: draw)  [3+15=0-]
game 19: W 1-0     (us: win)  [4+15=0-]
game 20: B 1-0     (us: loss)  [4+15=1-]
game 21: W 1/2-1/2 (us: draw)  [4+16=1-]
game 22: B 1/2-1/2 (us: draw)  [4+17=1-]
game 23: W 1/2-1/2 (us: draw)  [4+18=1-]
game 24: B 0-1     (us: win)  [5+18=1-]
game 25: W 1/2-1/2 (us: draw)  [5+19=1-]
game 26: B 1/2-1/2 (us: draw)  [5+20=1-]
game 27: W 0-1     (us: loss)  [5+20=2-]
game 28: B 1/2-1/2 (us: draw)  [5+21=2-]
game 29: W 1/2-1/2 (us: draw)  [5+22=2-]
game 30: B 1/2-1/2 (us: draw)  [5+23=2-]
game 31: W 1/2-1/2 (us: draw)  [5+24=2-]
game 32: B 1/2-1/2 (us: draw)  [5+25=2-]
game 33: W 0-1     (us: loss)  [5+25=3-]
game 34: B 1/2-1/2 (us: draw)  [5+26=3-]
game 35: W 1/2-1/2 (us: draw)  [5+27=3-]
game 36: B 1/2-1/2 (us: draw)  [5+28=3-]
game 37: W 0-1     (us: loss)  [5+28=4-]
game 38: B 1/2-1/2 (us: draw)  [5+29=4-]
game 39: W 1/2-1/2 (us: draw)  [5+30=4-]
game 40: B 1/2-1/2 (us: draw)  [5+31=4-]
game 41: W 1/2-1/2 (us: draw)  [5+32=4-]
game 42: B 1/2-1/2 (us: draw)  [5+33=4-]
game 43: W 1-0     (us: win)  [6+33=4-]
game 44: B 1/2-1/2 (us: draw)  [6+34=4-]
game 45: W 1/2-1/2 (us: draw)  [6+35=4-]
game 46: B 1/2-1/2 (us: draw)  [6+36=4-]
game 47: W 0-1     (us: loss)  [6+36=5-]
game 48: B 1-0     (us: loss)  [6+36=6-]
game 49: W 0-1     (us: loss)  [6+36=7-]
game 50: B 1-0     (us: loss)  [6+36=8-]
game 51: W 1/2-1/2 (us: draw)  [6+37=8-]
game 52: B 1/2-1/2 (us: draw)  [6+38=8-]
game 53: W 1-0     (us: win)  [7+38=8-]
game 54: B 1/2-1/2 (us: draw)  [7+39=8-]
game 55: W 1/2-1/2 (us: draw)  [7+40=8-]
game 56: B 0-1     (us: win)  [8+40=8-]
game 57: W 1-0     (us: win)  [9+40=8-]
game 58: B 1/2-1/2 (us: draw)  [9+41=8-]
game 59: W 1/2-1/2 (us: draw)  [9+42=8-]
game 60: B 1/2-1/2 (us: draw)  [9+43=8-]

result vs cmd:.venv/bin/python -m engine.uci: +9 =43 -8  (51%)
elo diff: +6  (95% ~ -84..+96)
