game  1: W 1-0     (us: win)  [1+0=0-]
game  2: B 0-1     (us: win)  [2+0=0-]
game  3: W 0-1     (us: loss)  [2+0=1-]
game  4: B 0-1     (us: win)  [3+0=1-]
game  5: W 1-0     (us: win)  [4+0=1-]
game  6: B 1/2-1/2 (us: draw)  [4+1=1-]
game  7: W 1-0     (us: win)  [5+1=1-]
game  8: B 0-1     (us: win)  [6+1=1-]
game  9: W 0-1     (us: loss)  [6+1=2-]
game 10: B 1-0     (us: loss)  [6+1=3-]
game 11: W 1/2-1/2 (us: draw)  [6+2=3-]
game 12: B 1-0     (us: loss)  [6+2=4-]
game 13: W 1/2-1/2 (us: draw)  [6+3=4-]
game 14: B 1/2-1/2 (us: draw)  [6+4=4-]
game 15: W 0-1     (us: loss)  [6+4=5-]
game 16: B 1-0     (us: loss)  [6+4=6-]
game 17: W 0-1     (us: loss)  [6+4=7-]
game 18: B 1-0     (us: loss)  [6+4=8-]
game 19: W 1-0     (us: win)  [7+4=8-]
game 20: B 0-1     (us: win)  [8+4=8-]
game 21: W 0-1     (us: loss)  [8+4=9-]
game 22: B 1-0     (us: loss)  [8+4=10-]
game 23: W 0-1     (us: loss)  [8+4=11-]
game 24: B 1-0     (us: loss)  [8+4=12-]
game 25: W 1-0     (us: win)  [9+4=12-]
game 26: B 1-0     (us: loss)  [9+4=13-]
game 27: W 1/2-1/2 (us: draw)  [9+5=13-]
game 28: B 1-0     (us: loss)  [9+5=14-]
game 29: W 1/2-1/2 (us: draw)  [9+6=14-]
game 30: B 0-1     (us: win)  [10+6=14-]
game 31: W 0-1     (us: loss)  [10+6=15-]
game 32: B 0-1     (us: win)  [11+6=15-]
game 33: W 0-1     (us: loss)  [11+6=16-]
game 34: B 0-1     (us: win)  [12+6=16-]
game 35: W 1/2-1/2 (us: draw)  [12+7=16-]
game 36: B 1/2-1/2 (us: draw)  [12+8=16-]
game 37: W 1-0     (us: win)  [13+8=16-]
game 38: B 1/2-1/2 (us: draw)  [13+9=16-]
game 39: W 1/2-1/2 (us: draw)  [13+10=16-]
game 40: B 0-1     (us: win)  [14+10=16-]
game 41: W 1-0     (us: win)  [15+10=16-]
game 42: B 1/2-1/2 (us: draw)  [15+11=16-]
game 43: W 1-0     (us: win)  [16+11=16-]
game 44: B 0-1     (us: win)  [17+11=16-]
game 45: W 0-1     (us: loss)  [17+11=17-]
game 46: B 1-0     (us: loss)  [17+11=18-]
game 47: W 1/2-1/2 (us: draw)  [17+12=18-]
game 48: B 1-0     (us: loss)  [17+12=19-]
game 49: W 1-0     (us: win)  [18+12=19-]
game 50: B 1/2-1/2 (us: draw)  [18+13=19-]
game 51: W 0-1     (us: loss)  [18+13=20-]
game 52: B 0-1     (us: win)  [19+13=20-]
game 53: W 0-1     (us: loss)  [19+13=21-]
game 54: B 1/2-1/2 (us: draw)  [19+14=21-]
game 55: W 1/2-1/2 (us: draw)  [19+15=21-]
game 56: B 1/2-1/2 (us: draw)  [19+16=21-]
game 57: W 0-1     (us: loss)  [19+16=22-]
game 58: B 1-0     (us: loss)  [19+16=23-]
game 59: W 0-1     (us: loss)  [19+16=24-]
game 60: B 0-1     (us: win)  [20+16=24-]

result vs cmd:.venv/bin/python -m engine.uci: +20 =16 -24  (47%)
elo diff: -23  (95% ~ -115..+65)
