=== LADDER vs SF 2600 (T=8) ===
game  1: W 1-0     (us: win)  [1+0=0-]
game  2: B 1/2-1/2 (us: draw)  [1+1=0-]
game  3: W 1-0     (us: win)  [2+1=0-]
game  4: B 1/2-1/2 (us: draw)  [2+2=0-]
game  5: W 1-0     (us: win)  [3+2=0-]
game  6: B 0-1     (us: win)  [4+2=0-]
game  7: W 0-1     (us: loss)  [4+2=1-]
game  8: B 1-0     (us: loss)  [4+2=2-]
game  9: W 1-0     (us: win)  [5+2=2-]
game 10: B 1/2-1/2 (us: draw)  [5+3=2-]

result vs stockfish:2600: +5 =3 -2  (65%)
elo diff: +108  (95% ~ -104..+496)
=== LADDER vs SF 2800 (T=8) ===
game  1: W 1/2-1/2 (us: draw)  [0+1=0-]
game  2: B 1/2-1/2 (us: draw)  [0+2=0-]
game  3: W 1/2-1/2 (us: draw)  [0+3=0-]
game  4: B 0-1     (us: win)  [1+3=0-]
game  5: W 0-1     (us: loss)  [1+3=1-]
game  6: B 1-0     (us: loss)  [1+3=2-]
game  7: W 1/2-1/2 (us: draw)  [1+4=2-]
game  8: B 1/2-1/2 (us: draw)  [1+5=2-]
game  9: W 1/2-1/2 (us: draw)  [1+6=2-]
game 10: B 1-0     (us: loss)  [1+6=3-]

result vs stockfish:2800: +1 =6 -3  (40%)
elo diff: -70  (95% ~ -389..+150)
=== LADDER vs SF 3000 (T=8) ===
game  1: W 0-1     (us: loss)  [0+0=1-]
game  2: B 1/2-1/2 (us: draw)  [0+1=1-]
game  3: W 1/2-1/2 (us: draw)  [0+2=1-]
game  4: B 1-0     (us: loss)  [0+2=2-]
game  5: W 1/2-1/2 (us: draw)  [0+3=2-]
game  6: B 1/2-1/2 (us: draw)  [0+4=2-]
game  7: W 1/2-1/2 (us: draw)  [0+5=2-]
game  8: B 1-0     (us: loss)  [0+5=3-]
game  9: W 1/2-1/2 (us: draw)  [0+6=3-]
game 10: B 1/2-1/2 (us: draw)  [0+7=3-]

result vs stockfish:3000: +0 =7 -3  (35%)
elo diff: -108  (95% ~ -496..+104)
