=== LADDER vs SF 2600 ===
game  1: W 1/2-1/2 (us: draw)  [0+1=0-]
game  2: B 1/2-1/2 (us: draw)  [0+2=0-]
game  3: W 1/2-1/2 (us: draw)  [0+3=0-]
game  4: B 1/2-1/2 (us: draw)  [0+4=0-]
game  5: W 1/2-1/2 (us: draw)  [0+5=0-]
game  6: B 1-0     (us: loss)  [0+5=1-]
game  7: W 1-0     (us: win)  [1+5=1-]
game  8: B 1/2-1/2 (us: draw)  [1+6=1-]
game  9: W 1/2-1/2 (us: draw)  [1+7=1-]
game 10: B 1/2-1/2 (us: draw)  [1+8=1-]

result vs stockfish:2600: +1 =8 -1  (50%)
elo diff: -0  (95% ~ -252..+252)
=== LADDER vs SF 2800 ===
game  1: W 0-1     (us: loss)  [0+0=1-]
game  2: B 1/2-1/2 (us: draw)  [0+1=1-]
game  3: W 1/2-1/2 (us: draw)  [0+2=1-]
game  4: B 1-0     (us: loss)  [0+2=2-]
game  5: W 0-1     (us: loss)  [0+2=3-]
game  6: B 1/2-1/2 (us: draw)  [0+3=3-]
game  7: W 0-1     (us: loss)  [0+3=4-]
game  8: B 1/2-1/2 (us: draw)  [0+4=4-]
game  9: W 0-1     (us: loss)  [0+4=5-]
game 10: B 1-0     (us: loss)  [0+4=6-]

result vs stockfish:2800: +0 =4 -6  (20%)
elo diff: -241  (95% ~ -1200..-36)
=== LADDER vs SF 3000 ===
game  1: W 0-1     (us: loss)  [0+0=1-]
game  2: B 1/2-1/2 (us: draw)  [0+1=1-]
game  3: W 0-1     (us: loss)  [0+1=2-]
game  4: B 1/2-1/2 (us: draw)  [0+2=2-]
game  5: W 1/2-1/2 (us: draw)  [0+3=2-]
game  6: B 1/2-1/2 (us: draw)  [0+4=2-]
game  7: W 0-1     (us: loss)  [0+4=3-]
game  8: B 1/2-1/2 (us: draw)  [0+5=3-]
game  9: W 1/2-1/2 (us: draw)  [0+6=3-]
game 10: B 1/2-1/2 (us: draw)  [0+7=3-]

result vs stockfish:3000: +0 =7 -3  (35%)
elo diff: -108  (95% ~ -496..+104)
