=== LADDER vs SF 2600 ===
game  1: W 1/2-1/2 (us: draw)  [0+1=0-]
game  2: B 1/2-1/2 (us: draw)  [0+2=0-]
game  3: W 1-0     (us: win)  [1+2=0-]
game  4: B 1/2-1/2 (us: draw)  [1+3=0-]
game  5: W 1-0     (us: win)  [2+3=0-]
game  6: B 1/2-1/2 (us: draw)  [2+4=0-]
game  7: W 0-1     (us: loss)  [2+4=1-]
game  8: B 1-0     (us: loss)  [2+4=2-]
game  9: W 1-0     (us: win)  [3+4=2-]
game 10: B 0-1     (us: win)  [4+4=2-]

result vs stockfish:2600: +4 =4 -2  (60%)
elo diff: +70  (95% ~ -150..+389)
=== LADDER vs SF 2800 ===
game  1: W 1/2-1/2 (us: draw)  [0+1=0-]
game  2: B 1/2-1/2 (us: draw)  [0+2=0-]
game  3: W 1/2-1/2 (us: draw)  [0+3=0-]
game  4: B 1/2-1/2 (us: draw)  [0+4=0-]
game  5: W 0-1     (us: loss)  [0+4=1-]
game  6: B 1-0     (us: loss)  [0+4=2-]
game  7: W 0-1     (us: loss)  [0+4=3-]
game  8: B 1-0     (us: loss)  [0+4=4-]
game  9: W 0-1     (us: loss)  [0+4=5-]
game 10: B 1-0     (us: loss)  [0+4=6-]

result vs stockfish:2800: +0 =4 -6  (20%)
elo diff: -241  (95% ~ -1200..-36)
=== LADDER vs SF 3000 ===
game  1: W 0-1     (us: loss)  [0+0=1-]
game  2: B 1-0     (us: loss)  [0+0=2-]
game  3: W 1/2-1/2 (us: draw)  [0+1=2-]
game  4: B 1-0     (us: loss)  [0+1=3-]
game  5: W 1/2-1/2 (us: draw)  [0+2=3-]
game  6: B 1-0     (us: loss)  [0+2=4-]
game  7: W 0-1     (us: loss)  [0+2=5-]
game  8: B 1/2-1/2 (us: draw)  [0+3=5-]
game  9: W 1/2-1/2 (us: draw)  [0+4=5-]
game 10: B 1-0     (us: loss)  [0+4=6-]

result vs stockfish:3000: +0 =4 -6  (20%)
elo diff: -241  (95% ~ -1200..-36)
