=== LADDER vs SF 2600 ===
game  1: W 1/2-1/2 (us: draw)  [0+1=0-]
game  2: B 1/2-1/2 (us: draw)  [0+2=0-]
game  3: W 0-1     (us: loss)  [0+2=1-]
game  4: B 1-0     (us: loss)  [0+2=2-]
game  5: W 1-0     (us: win)  [1+2=2-]
game  6: B 1/2-1/2 (us: draw)  [1+3=2-]
game  7: W 0-1     (us: loss)  [1+3=3-]
game  8: B 1-0     (us: loss)  [1+3=4-]
game  9: W 1/2-1/2 (us: draw)  [1+4=4-]
game 10: B 0-1     (us: win)  [2+4=4-]

result vs stockfish:2600: +2 =4 -4  (40%)
elo diff: -70  (95% ~ -389..+150)
=== LADDER vs SF 2800 ===
game  1: W 0-1     (us: loss)  [0+0=1-]
game  2: B 1/2-1/2 (us: draw)  [0+1=1-]
game  3: W 1/2-1/2 (us: draw)  [0+2=1-]
game  4: B 1/2-1/2 (us: draw)  [0+3=1-]
game  5: W 1/2-1/2 (us: draw)  [0+4=1-]
game  6: B 1-0     (us: loss)  [0+4=2-]
game  7: W 1/2-1/2 (us: draw)  [0+5=2-]
game  8: B 1/2-1/2 (us: draw)  [0+6=2-]
game  9: W 1/2-1/2 (us: draw)  [0+7=2-]
game 10: B 1/2-1/2 (us: draw)  [0+8=2-]

result vs stockfish:2800: +0 =8 -2  (40%)
elo diff: -70  (95% ~ -389..+150)
=== LADDER vs SF 3000 ===
game  1: W 0-1     (us: loss)  [0+0=1-]
game  2: B 1-0     (us: loss)  [0+0=2-]
game  3: W 0-1     (us: loss)  [0+0=3-]
game  4: B 1-0     (us: loss)  [0+0=4-]
game  5: W 0-1     (us: loss)  [0+0=5-]
game  6: B 1-0     (us: loss)  [0+0=6-]
game  7: W 0-1     (us: loss)  [0+0=7-]
game  8: B 1-0     (us: loss)  [0+0=8-]
game  9: W 0-1     (us: loss)  [0+0=9-]
game 10: B 1/2-1/2 (us: draw)  [0+1=9-]

result vs stockfish:3000: +0 =1 -9  (5%)
elo diff: -512  (95% ~ -1200..-257)
