=== LADDER vs SF 2400 ===
game  1: W 1-0     (us: win)  [1+0=0-]
game  2: B 0-1     (us: win)  [2+0=0-]
game  3: W 1-0     (us: win)  [3+0=0-]
game  4: B 1-0     (us: loss)  [3+0=1-]
game  5: W 0-1     (us: loss)  [3+0=2-]
game  6: B 0-1     (us: win)  [4+0=2-]
game  7: W 1-0     (us: win)  [5+0=2-]
game  8: B 1/2-1/2 (us: draw)  [5+1=2-]
game  9: W 0-1     (us: loss)  [5+1=3-]
game 10: B 1/2-1/2 (us: draw)  [5+2=3-]

result vs stockfish:2400: +5 =2 -3  (60%)
elo diff: +70  (95% ~ -150..+389)
=== LADDER vs SF 2600 ===
game  1: W 1-0     (us: win)  [1+0=0-]
game  2: B 1-0     (us: loss)  [1+0=1-]
game  3: W 1/2-1/2 (us: draw)  [1+1=1-]
game  4: B 1/2-1/2 (us: draw)  [1+2=1-]
game  5: W 0-1     (us: loss)  [1+2=2-]
game  6: B 1-0     (us: loss)  [1+2=3-]
game  7: W 1/2-1/2 (us: draw)  [1+3=3-]
game  8: B 1/2-1/2 (us: draw)  [1+4=3-]
game  9: W 1/2-1/2 (us: draw)  [1+5=3-]
game 10: B 1/2-1/2 (us: draw)  [1+6=3-]

result vs stockfish:2600: +1 =6 -3  (40%)
elo diff: -70  (95% ~ -389..+150)
=== LADDER vs SF 2800 ===
game  1: W 0-1     (us: loss)  [0+0=1-]
game  2: B 1-0     (us: loss)  [0+0=2-]
game  3: W 0-1     (us: loss)  [0+0=3-]
game  4: B 1-0     (us: loss)  [0+0=4-]
game  5: W 1/2-1/2 (us: draw)  [0+1=4-]
game  6: B 1/2-1/2 (us: draw)  [0+2=4-]
game  7: W 1/2-1/2 (us: draw)  [0+3=4-]
game  8: B 1-0     (us: loss)  [0+3=5-]
game  9: W 1/2-1/2 (us: draw)  [0+4=5-]
game 10: B 1-0     (us: loss)  [0+4=6-]

result vs stockfish:2800: +0 =4 -6  (20%)
elo diff: -241  (95% ~ -1200..-36)
