=== LADDER vs SF 2600 ===
game  1: W 1/2-1/2 (us: draw)  [0+1=0-]
game  2: B 1-0     (us: loss)  [0+1=1-]
game  3: W 1-0     (us: win)  [1+1=1-]
game  4: B 0-1     (us: win)  [2+1=1-]
game  5: W 0-1     (us: loss)  [2+1=2-]
game  6: B 1-0     (us: loss)  [2+1=3-]
game  7: W 1-0     (us: win)  [3+1=3-]
game  8: B 1/2-1/2 (us: draw)  [3+2=3-]
game  9: W 1/2-1/2 (us: draw)  [3+3=3-]
game 10: B 1/2-1/2 (us: draw)  [3+4=3-]

result vs stockfish:2600: +3 =4 -3  (50%)
elo diff: -0  (95% ~ -252..+252)
=== LADDER vs SF 2800 ===
game  1: W 1/2-1/2 (us: draw)  [0+1=0-]
game  2: B 1/2-1/2 (us: draw)  [0+2=0-]
game  3: W 1-0     (us: win)  [1+2=0-]
game  4: B 1-0     (us: loss)  [1+2=1-]
game  5: W 1/2-1/2 (us: draw)  [1+3=1-]
game  6: B 1/2-1/2 (us: draw)  [1+4=1-]
game  7: W 1/2-1/2 (us: draw)  [1+5=1-]
game  8: B 1/2-1/2 (us: draw)  [1+6=1-]
game  9: W 0-1     (us: loss)  [1+6=2-]
game 10: B 1/2-1/2 (us: draw)  [1+7=2-]

result vs stockfish:2800: +1 =7 -2  (45%)
elo diff: -35  (95% ~ -313..+199)
=== LADDER vs SF 3000 ===
game  1: W 0-1     (us: loss)  [0+0=1-]
game  2: B 1/2-1/2 (us: draw)  [0+1=1-]
game  3: W 1/2-1/2 (us: draw)  [0+2=1-]
game  4: B 1/2-1/2 (us: draw)  [0+3=1-]
game  5: W 1/2-1/2 (us: draw)  [0+4=1-]
game  6: B 1-0     (us: loss)  [0+4=2-]
game  7: W 1/2-1/2 (us: draw)  [0+5=2-]
game  8: B 1/2-1/2 (us: draw)  [0+6=2-]
game  9: W 1/2-1/2 (us: draw)  [0+7=2-]
game 10: B 1-0     (us: loss)  [0+7=3-]

result vs stockfish:3000: +0 =7 -3  (35%)
elo diff: -108  (95% ~ -496..+104)
