game  1: W 1-0     (us: win)  [1+0=0-]
game  2: B 1/2-1/2 (us: draw)  [1+1=0-]
game  3: W 1/2-1/2 (us: draw)  [1+2=0-]
game  4: B 1/2-1/2 (us: draw)  [1+3=0-]
game  5: W 1/2-1/2 (us: draw)  [1+4=0-]
game  6: B 1-0     (us: loss)  [1+4=1-]
game  7: W 1/2-1/2 (us: draw)  [1+5=1-]
game  8: B 0-1     (us: win)  [2+5=1-]
game  9: W 1/2-1/2 (us: draw)  [2+6=1-]
game 10: B 1/2-1/2 (us: draw)  [2+7=1-]
game 11: W 1/2-1/2 (us: draw)  [2+8=1-]
game 12: B 1/2-1/2 (us: draw)  [2+9=1-]
game 13: W 1-0     (us: win)  [3+9=1-]
game 14: B 0-1     (us: win)  [4+9=1-]
game 15: W 1-0     (us: win)  [5+9=1-]
game 16: B 1/2-1/2 (us: draw)  [5+10=1-]
game 17: W 1/2-1/2 (us: draw)  [5+11=1-]
game 18: B 0-1     (us: win)  [6+11=1-]
game 19: W 1/2-1/2 (us: draw)  [6+12=1-]
game 20: B 0-1     (us: win)  [7+12=1-]
game 21: W 1/2-1/2 (us: draw)  [7+13=1-]
game 22: B 0-1     (us: win)  [8+13=1-]
game 23: W 1/2-1/2 (us: draw)  [8+14=1-]
game 24: B 1/2-1/2 (us: draw)  [8+15=1-]
game 25: W 1/2-1/2 (us: draw)  [8+16=1-]
game 26: B 1-0     (us: loss)  [8+16=2-]
game 27: W 1-0     (us: win)  [9+16=2-]
game 28: B 1/2-1/2 (us: draw)  [9+17=2-]
game 29: W 1-0     (us: win)  [10+17=2-]
game 30: B 0-1     (us: win)  [11+17=2-]
game 31: W 1/2-1/2 (us: draw)  [11+18=2-]
game 32: B 1/2-1/2 (us: draw)  [11+19=2-]
game 33: W 1/2-1/2 (us: draw)  [11+20=2-]
game 34: B 1/2-1/2 (us: draw)  [11+21=2-]
game 35: W 1/2-1/2 (us: draw)  [11+22=2-]
game 36: B 1/2-1/2 (us: draw)  [11+23=2-]
game 37: W 1/2-1/2 (us: draw)  [11+24=2-]
game 38: B 0-1     (us: win)  [12+24=2-]
game 39: W 1/2-1/2 (us: draw)  [12+25=2-]
game 40: B 0-1     (us: win)  [13+25=2-]
game 41: W 1/2-1/2 (us: draw)  [13+26=2-]
game 42: B 1/2-1/2 (us: draw)  [13+27=2-]
game 43: W 1/2-1/2 (us: draw)  [13+28=2-]
game 44: B 1/2-1/2 (us: draw)  [13+29=2-]
game 45: W 1/2-1/2 (us: draw)  [13+30=2-]
game 46: B 1/2-1/2 (us: draw)  [13+31=2-]
game 47: W 1-0     (us: win)  [14+31=2-]
game 48: B 1-0     (us: loss)  [14+31=3-]
game 49: W 1/2-1/2 (us: draw)  [14+32=3-]
game 50: B 0-1     (us: win)  [15+32=3-]
game 51: W 1-0     (us: win)  [16+32=3-]
game 52: B 0-1     (us: win)  [17+32=3-]
game 53: W 1-0     (us: win)  [18+32=3-]
game 54: B 0-1     (us: win)  [19+32=3-]
game 55: W 1/2-1/2 (us: draw)  [19+33=3-]
game 56: B 1/2-1/2 (us: draw)  [19+34=3-]
game 57: W 1/2-1/2 (us: draw)  [19+35=3-]
game 58: B 0-1     (us: win)  [20+35=3-]
game 59: W 1-0     (us: win)  [21+35=3-]
game 60: B 1/2-1/2 (us: draw)  [21+36=3-]

result vs cmd:.venv/bin/python -m engine.uci: +21 =36 -3  (65%)
elo diff: +108  (95% ~ +20..+211)
